---
source: crates/llm/src/golden_tests.rs
description: src/tests/response/completions/stream.json
---
event: response.created
data: {"response":{"created_at":123,"id":"","model":"gpt-5-nano-2025-08-07","object":"response","output":[],"status":"in_progress"},"type":"response.created","sequence_number":1}

event: response.output_item.added
data: {"output_index":0,"item":{"type":"message","id":"","role":"assistant","status":"in_progress","content":[]},"type":"response.output_item.added","sequence_number":2}

event: response.content_part.added
data: {"item_id":"","output_index":0,"content_index":0,"part":{"type":"output_text","text":"","annotations":[]},"type":"response.content_part.added","sequence_number":3}

event: response.output_text.delta
data: {"item_id":"","output_index":0,"content_index":0,"delta":"Hi","type":"response.output_text.delta","sequence_number":4}

event: response.output_text.delta
data: {"item_id":"","output_index":0,"content_index":0,"delta":" there","type":"response.output_text.delta","sequence_number":5}

event: response.output_text.delta
data: {"item_id":"","output_index":0,"content_index":0,"delta":"!","type":"response.output_text.delta","sequence_number":6}

event: response.output_text.delta
data: {"item_id":"","output_index":0,"content_index":0,"delta":" How","type":"response.output_text.delta","sequence_number":7}

event: response.output_text.delta
data: {"item_id":"","output_index":0,"content_index":0,"delta":" can","type":"response.output_text.delta","sequence_number":8}

event: response.output_text.delta
data: {"item_id":"","output_index":0,"content_index":0,"delta":" I","type":"response.output_text.delta","sequence_number":9}

event: response.output_text.delta
data: {"item_id":"","output_index":0,"content_index":0,"delta":" help","type":"response.output_text.delta","sequence_number":10}

event: response.output_text.delta
data: {"item_id":"","output_index":0,"content_index":0,"delta":" today","type":"response.output_text.delta","sequence_number":11}

event: response.output_text.delta
data: {"item_id":"","output_index":0,"content_index":0,"delta":"?","type":"response.output_text.delta","sequence_number":12}

event: response.output_text.delta
data: {"item_id":"","output_index":0,"content_index":0,"delta":" If","type":"response.output_text.delta","sequence_number":13}

event: response.output_text.delta
data: {"item_id":"","output_index":0,"content_index":0,"delta":" you","type":"response.output_text.delta","sequence_number":14}

event: response.output_text.delta
data: {"item_id":"","output_index":0,"content_index":0,"delta":"’re","type":"response.output_text.delta","sequence_number":15}

event: response.output_text.delta
data: {"item_id":"","output_index":0,"content_index":0,"delta":" not","type":"response.output_text.delta","sequence_number":16}

event: response.output_text.delta
data: {"item_id":"","output_index":0,"content_index":0,"delta":" sure","type":"response.output_text.delta","sequence_number":17}

event: response.output_text.delta
data: {"item_id":"","output_index":0,"content_index":0,"delta":" where","type":"response.output_text.delta","sequence_number":18}

event: response.output_text.delta
data: {"item_id":"","output_index":0,"content_index":0,"delta":" to","type":"response.output_text.delta","sequence_number":19}

event: response.output_text.delta
data: {"item_id":"","output_index":0,"content_index":0,"delta":" start","type":"response.output_text.delta","sequence_number":20}

event: response.output_text.delta
data: {"item_id":"","output_index":0,"content_index":0,"delta":",","type":"response.output_text.delta","sequence_number":21}

event: response.output_text.delta
data: {"item_id":"","output_index":0,"content_index":0,"delta":" I","type":"response.output_text.delta","sequence_number":22}

event: response.output_text.delta
data: {"item_id":"","output_index":0,"content_index":0,"delta":" can","type":"response.output_text.delta","sequence_number":23}

event: response.output_text.delta
data: {"item_id":"","output_index":0,"content_index":0,"delta":":\n\n","type":"response.output_text.delta","sequence_number":24}

event: response.output_text.delta
data: {"item_id":"","output_index":0,"content_index":0,"delta":"-","type":"response.output_text.delta","sequence_number":25}

event: response.output_text.delta
data: {"item_id":"","output_index":0,"content_index":0,"delta":" Answer","type":"response.output_text.delta","sequence_number":26}

event: response.output_text.delta
data: {"item_id":"","output_index":0,"content_index":0,"delta":" questions","type":"response.output_text.delta","sequence_number":27}

event: response.output_text.delta
data: {"item_id":"","output_index":0,"content_index":0,"delta":" or","type":"response.output_text.delta","sequence_number":28}

event: response.output_text.delta
data: {"item_id":"","output_index":0,"content_index":0,"delta":" explain","type":"response.output_text.delta","sequence_number":29}

event: response.output_text.delta
data: {"item_id":"","output_index":0,"content_index":0,"delta":" concepts","type":"response.output_text.delta","sequence_number":30}

event: response.output_text.delta
data: {"item_id":"","output_index":0,"content_index":0,"delta":"\n","type":"response.output_text.delta","sequence_number":31}

event: response.output_text.delta
data: {"item_id":"","output_index":0,"content_index":0,"delta":"-","type":"response.output_text.delta","sequence_number":32}

event: response.output_text.delta
data: {"item_id":"","output_index":0,"content_index":0,"delta":" Help","type":"response.output_text.delta","sequence_number":33}

event: response.output_text.delta
data: {"item_id":"","output_index":0,"content_index":0,"delta":" with","type":"response.output_text.delta","sequence_number":34}

event: response.output_text.delta
data: {"item_id":"","output_index":0,"content_index":0,"delta":" writing","type":"response.output_text.delta","sequence_number":35}

event: response.output_text.delta
data: {"item_id":"","output_index":0,"content_index":0,"delta":",","type":"response.output_text.delta","sequence_number":36}

event: response.output_text.delta
data: {"item_id":"","output_index":0,"content_index":0,"delta":" editing","type":"response.output_text.delta","sequence_number":37}

event: response.output_text.delta
data: {"item_id":"","output_index":0,"content_index":0,"delta":",","type":"response.output_text.delta","sequence_number":38}

event: response.output_text.delta
data: {"item_id":"","output_index":0,"content_index":0,"delta":" or","type":"response.output_text.delta","sequence_number":39}

event: response.output_text.delta
data: {"item_id":"","output_index":0,"content_index":0,"delta":" brainstorming","type":"response.output_text.delta","sequence_number":40}

event: response.output_text.delta
data: {"item_id":"","output_index":0,"content_index":0,"delta":"\n","type":"response.output_text.delta","sequence_number":41}

event: response.output_text.delta
data: {"item_id":"","output_index":0,"content_index":0,"delta":"-","type":"response.output_text.delta","sequence_number":42}

event: response.output_text.delta
data: {"item_id":"","output_index":0,"content_index":0,"delta":" Assist","type":"response.output_text.delta","sequence_number":43}

event: response.output_text.delta
data: {"item_id":"","output_index":0,"content_index":0,"delta":" with","type":"response.output_text.delta","sequence_number":44}

event: response.output_text.delta
data: {"item_id":"","output_index":0,"content_index":0,"delta":" coding","type":"response.output_text.delta","sequence_number":45}

event: response.output_text.delta
data: {"item_id":"","output_index":0,"content_index":0,"delta":",","type":"response.output_text.delta","sequence_number":46}

event: response.output_text.delta
data: {"item_id":"","output_index":0,"content_index":0,"delta":" math","type":"response.output_text.delta","sequence_number":47}

event: response.output_text.delta
data: {"item_id":"","output_index":0,"content_index":0,"delta":",","type":"response.output_text.delta","sequence_number":48}

event: response.output_text.delta
data: {"item_id":"","output_index":0,"content_index":0,"delta":" or","type":"response.output_text.delta","sequence_number":49}

event: response.output_text.delta
data: {"item_id":"","output_index":0,"content_index":0,"delta":" data","type":"response.output_text.delta","sequence_number":50}

event: response.output_text.delta
data: {"item_id":"","output_index":0,"content_index":0,"delta":" tasks","type":"response.output_text.delta","sequence_number":51}

event: response.output_text.delta
data: {"item_id":"","output_index":0,"content_index":0,"delta":"\n","type":"response.output_text.delta","sequence_number":52}

event: response.output_text.delta
data: {"item_id":"","output_index":0,"content_index":0,"delta":"-","type":"response.output_text.delta","sequence_number":53}

event: response.output_text.delta
data: {"item_id":"","output_index":0,"content_index":0,"delta":" Plan","type":"response.output_text.delta","sequence_number":54}

event: response.output_text.delta
data: {"item_id":"","output_index":0,"content_index":0,"delta":" something","type":"response.output_text.delta","sequence_number":55}

event: response.output_text.delta
data: {"item_id":"","output_index":0,"content_index":0,"delta":" (","type":"response.output_text.delta","sequence_number":56}

event: response.output_text.delta
data: {"item_id":"","output_index":0,"content_index":0,"delta":"a","type":"response.output_text.delta","sequence_number":57}

event: response.output_text.delta
data: {"item_id":"","output_index":0,"content_index":0,"delta":" trip","type":"response.output_text.delta","sequence_number":58}

event: response.output_text.delta
data: {"item_id":"","output_index":0,"content_index":0,"delta":",","type":"response.output_text.delta","sequence_number":59}

event: response.output_text.delta
data: {"item_id":"","output_index":0,"content_index":0,"delta":" a","type":"response.output_text.delta","sequence_number":60}

event: response.output_text.delta
data: {"item_id":"","output_index":0,"content_index":0,"delta":" project","type":"response.output_text.delta","sequence_number":61}

event: response.output_text.delta
data: {"item_id":"","output_index":0,"content_index":0,"delta":",","type":"response.output_text.delta","sequence_number":62}

event: response.output_text.delta
data: {"item_id":"","output_index":0,"content_index":0,"delta":" a","type":"response.output_text.delta","sequence_number":63}

event: response.output_text.delta
data: {"item_id":"","output_index":0,"content_index":0,"delta":" study","type":"response.output_text.delta","sequence_number":64}

event: response.output_text.delta
data: {"item_id":"","output_index":0,"content_index":0,"delta":" schedule","type":"response.output_text.delta","sequence_number":65}

event: response.output_text.delta
data: {"item_id":"","output_index":0,"content_index":0,"delta":")\n","type":"response.output_text.delta","sequence_number":66}

event: response.output_text.delta
data: {"item_id":"","output_index":0,"content_index":0,"delta":"-","type":"response.output_text.delta","sequence_number":67}

event: response.output_text.delta
data: {"item_id":"","output_index":0,"content_index":0,"delta":" Translate","type":"response.output_text.delta","sequence_number":68}

event: response.output_text.delta
data: {"item_id":"","output_index":0,"content_index":0,"delta":" or","type":"response.output_text.delta","sequence_number":69}

event: response.output_text.delta
data: {"item_id":"","output_index":0,"content_index":0,"delta":" practice","type":"response.output_text.delta","sequence_number":70}

event: response.output_text.delta
data: {"item_id":"","output_index":0,"content_index":0,"delta":" a","type":"response.output_text.delta","sequence_number":71}

event: response.output_text.delta
data: {"item_id":"","output_index":0,"content_index":0,"delta":" language","type":"response.output_text.delta","sequence_number":72}

event: response.output_text.delta
data: {"item_id":"","output_index":0,"content_index":0,"delta":"\n\n","type":"response.output_text.delta","sequence_number":73}

event: response.output_text.delta
data: {"item_id":"","output_index":0,"content_index":0,"delta":"Tell","type":"response.output_text.delta","sequence_number":74}

event: response.output_text.delta
data: {"item_id":"","output_index":0,"content_index":0,"delta":" me","type":"response.output_text.delta","sequence_number":75}

event: response.output_text.delta
data: {"item_id":"","output_index":0,"content_index":0,"delta":" what","type":"response.output_text.delta","sequence_number":76}

event: response.output_text.delta
data: {"item_id":"","output_index":0,"content_index":0,"delta":" you","type":"response.output_text.delta","sequence_number":77}

event: response.output_text.delta
data: {"item_id":"","output_index":0,"content_index":0,"delta":"’re","type":"response.output_text.delta","sequence_number":78}

event: response.output_text.delta
data: {"item_id":"","output_index":0,"content_index":0,"delta":" aiming","type":"response.output_text.delta","sequence_number":79}

event: response.output_text.delta
data: {"item_id":"","output_index":0,"content_index":0,"delta":" for","type":"response.output_text.delta","sequence_number":80}

event: response.output_text.delta
data: {"item_id":"","output_index":0,"content_index":0,"delta":",","type":"response.output_text.delta","sequence_number":81}

event: response.output_text.delta
data: {"item_id":"","output_index":0,"content_index":0,"delta":" and","type":"response.output_text.delta","sequence_number":82}

event: response.output_text.delta
data: {"item_id":"","output_index":0,"content_index":0,"delta":" I","type":"response.output_text.delta","sequence_number":83}

event: response.output_text.delta
data: {"item_id":"","output_index":0,"content_index":0,"delta":"’ll","type":"response.output_text.delta","sequence_number":84}

event: response.output_text.delta
data: {"item_id":"","output_index":0,"content_index":0,"delta":" tailor","type":"response.output_text.delta","sequence_number":85}

event: response.output_text.delta
data: {"item_id":"","output_index":0,"content_index":0,"delta":" my","type":"response.output_text.delta","sequence_number":86}

event: response.output_text.delta
data: {"item_id":"","output_index":0,"content_index":0,"delta":" help","type":"response.output_text.delta","sequence_number":87}

event: response.output_text.delta
data: {"item_id":"","output_index":0,"content_index":0,"delta":".","type":"response.output_text.delta","sequence_number":88}

event: response.output_text.done
data: {"item_id":"","output_index":0,"content_index":0,"text":"Hi there! How can I help today? If you’re not sure where to start, I can:\n\n- Answer questions or explain concepts\n- Help with writing, editing, or brainstorming\n- Assist with coding, math, or data tasks\n- Plan something (a trip, a project, a study schedule)\n- Translate or practice a language\n\nTell me what you’re aiming for, and I’ll tailor my help.","type":"response.output_text.done","sequence_number":89}

event: response.content_part.done
data: {"item_id":"","output_index":0,"content_index":0,"part":{"type":"output_text","text":"Hi there! How can I help today? If you’re not sure where to start, I can:\n\n- Answer questions or explain concepts\n- Help with writing, editing, or brainstorming\n- Assist with coding, math, or data tasks\n- Plan something (a trip, a project, a study schedule)\n- Translate or practice a language\n\nTell me what you’re aiming for, and I’ll tailor my help.","annotations":[]},"type":"response.content_part.done","sequence_number":90}

event: response.output_item.done
data: {"output_index":0,"item":{"type":"message","id":"","role":"assistant","status":"completed","content":[{"type":"output_text","text":"Hi there! How can I help today? If you’re not sure where to start, I can:\n\n- Answer questions or explain concepts\n- Help with writing, editing, or brainstorming\n- Assist with coding, math, or data tasks\n- Plan something (a trip, a project, a study schedule)\n- Translate or practice a language\n\nTell me what you’re aiming for, and I’ll tailor my help.","annotations":[]}]},"type":"response.output_item.done","sequence_number":91}

event: response.completed
data: {"response":{"created_at":123,"id":"","model":"gpt-5-nano-2025-08-07","object":"response","output":[{"type":"message","id":"","role":"assistant","status":"completed","content":[{"type":"output_text","text":"Hi there! How can I help today? If you’re not sure where to start, I can:\n\n- Answer questions or explain concepts\n- Help with writing, editing, or brainstorming\n- Assist with coding, math, or data tasks\n- Plan something (a trip, a project, a study schedule)\n- Translate or practice a language\n\nTell me what you’re aiming for, and I’ll tailor my help.","annotations":[]}]}],"status":"completed","usage":{"input_tokens":18,"output_tokens":286,"total_tokens":304,"input_tokens_details":{"cached_tokens":0},"output_tokens_details":{"reasoning_tokens":192}}},"type":"response.completed","sequence_number":92}



{
  "input_tokens": 18,
  "output_tokens": 286,
  "total_tokens": 304,
  "reasoning_tokens": 192,
  "cached_input_tokens": 0,
  "service_tier": "default",
  "provider_model": "gpt-5-nano-2025-08-07",
  "completion": [
    "Hi there! How can I help today? If you’re not sure where to start, I can:\n\n- Answer questions or explain concepts\n- Help with writing, editing, or brainstorming\n- Assist with coding, math, or data tasks\n- Plan something (a trip, a project, a study schedule)\n- Translate or practice a language\n\nTell me what you’re aiming for, and I’ll tailor my help."
  ]
}
